[Wed, Jul 23, 2025  9:50:06 AM] Début déploiement
 backend  Built
 frontend  Built
 Network piscord_default  Creating
 Network piscord_default  Created
 Container piscord-mongodb-1  Creating
 Container piscord-mongodb-1  Created
 Container piscord-backend-1  Creating
 Container piscord-backend-1  Created
 Container piscord-frontend-1  Creating
 Container piscord-frontend-1  Created
 Container piscord-nginx-1  Creating
 Container piscord-nginx-1  Created
 Container piscord-mongodb-1  Starting
 Container piscord-mongodb-1  Started
 Container piscord-backend-1  Starting
 Container piscord-backend-1  Started
 Container piscord-frontend-1  Starting
 Container piscord-frontend-1  Started
 Container piscord-nginx-1  Starting
 Container piscord-nginx-1  Started
[Wed, Jul 23, 2025  9:51:01 AM] Déploiement réussi
[Wed, Jul 23, 2025 10:00:08 AM] Début déploiement
 backend  Built
 frontend  Built
 Network piscord_default  Creating
 Network piscord_default  Created
 Container piscord-mongodb-1  Creating
 Container piscord-mongodb-1  Created
 Container piscord-backend-1  Creating
 Container piscord-backend-1  Created
 Container piscord-frontend-1  Creating
 Container piscord-frontend-1  Created
 Container piscord-nginx-1  Creating
 Container piscord-nginx-1  Created
 Container piscord-mongodb-1  Starting
 Container piscord-mongodb-1  Started
 Container piscord-backend-1  Starting
 Container piscord-backend-1  Started
 Container piscord-frontend-1  Starting
 Container piscord-frontend-1  Started
 Container piscord-nginx-1  Starting
 Container piscord-nginx-1  Started
[Wed, Jul 23, 2025 10:01:27 AM] Déploiement réussi
[Wed, Jul 23, 2025 10:07:42 AM] Début déploiement
failed to solve: Internal: error committing 0dnknrcc7zr1qshsm2g7z4kxo: write /var/lib/docker/buildkit/containerd-overlayfs/metadata_v2.db: input/output error
[Wed, Jul 23, 2025 10:08:17 AM] ECHEC déploiement - Build failed
[Wed, Jul 23, 2025 10:08:41 AM] Début déploiement
failed to solve: write /var/lib/desktop-containerd/daemon/io.containerd.metadata.v1.bolt/meta.db: input/output error
[Wed, Jul 23, 2025 10:08:42 AM] ECHEC déploiement - Build failed
[Wed, Jul 23, 2025 10:09:21 AM] Début déploiement
failed to solve: write /var/lib/desktop-containerd/daemon/io.containerd.metadata.v1.bolt/meta.db: input/output error
[Wed, Jul 23, 2025 10:09:22 AM] ECHEC déploiement - Build failed
[Wed, Jul 23, 2025 10:10:11 AM] Début déploiement
failed to solve: write /var/lib/desktop-containerd/daemon/io.containerd.metadata.v1.bolt/meta.db: input/output error
[Wed, Jul 23, 2025 10:10:12 AM] ECHEC déploiement - Build failed
[Wed, Jul 23, 2025 10:11:41 AM] Début déploiement
failed to solve: write /var/lib/desktop-containerd/daemon/io.containerd.metadata.v1.bolt/meta.db: input/output error
[Wed, Jul 23, 2025 10:11:42 AM] ECHEC déploiement - Build failed
[Wed, Jul 23, 2025 10:16:55 AM] Début déploiement
failed to solve: Internal: error committing 3r2mztrl5thim7ga7wi03ri73: write /var/lib/docker/buildkit/containerd-overlayfs/metadata_v2.db: input/output error
[Wed, Jul 23, 2025 10:17:36 AM] ECHEC déploiement - Build failed
[Wed, Jul 23, 2025 10:31:14 AM] Début déploiement
 backend  Built
 frontend  Built
 Network piscord_default  Creating
 Network piscord_default  Created
 Container piscord-mongodb-1  Creating
 Container piscord-mongodb-1  Created
 Container piscord-backend-1  Creating
 Container piscord-backend-1  Created
 Container piscord-frontend-1  Creating
 Container piscord-frontend-1  Created
 Container piscord-nginx-1  Creating
 Container piscord-nginx-1  Created
 Container piscord-mongodb-1  Starting
 Container piscord-mongodb-1  Started
 Container piscord-backend-1  Starting
 Container piscord-backend-1  Started
 Container piscord-frontend-1  Starting
 Container piscord-frontend-1  Started
 Container piscord-nginx-1  Starting
 Container piscord-nginx-1  Started
[Wed, Jul 23, 2025 10:32:16 AM] Déploiement réussi
[Wed, Jul 23, 2025 10:36:25 AM] Début déploiement
 backend  Built
 frontend  Built
 Network piscord_default  Creating
 Network piscord_default  Created
 Container piscord-mongodb-1  Creating
 Container piscord-mongodb-1  Created
 Container piscord-backend-1  Creating
 Container piscord-backend-1  Created
 Container piscord-frontend-1  Creating
 Container piscord-frontend-1  Created
 Container piscord-nginx-1  Creating
 Container piscord-nginx-1  Created
 Container piscord-mongodb-1  Starting
 Container piscord-mongodb-1  Started
 Container piscord-backend-1  Starting
 Container piscord-backend-1  Started
 Container piscord-frontend-1  Starting
 Container piscord-frontend-1  Started
 Container piscord-nginx-1  Starting
 Container piscord-nginx-1  Started
[Wed, Jul 23, 2025 10:37:24 AM] Déploiement réussi
